spine2000+2001-gridlabel+spell.4bo: No such file or directory
