Spanish.diacmap: line 1: warning: map redefining entry <s>
Spanish.diacmap: line 2: warning: map redefining entry </s>
Spanish-8k.2bo: No such file or directory
