../class-ngram/spine2000+2001-gridlabel+spell.4bo: No such file or directory
../class-ngram/spine2000+2001-gridlabel+spell.4bo: No such file or directory
expanded.4bo: No such file or directory
