../ngram-count-gt/swbd.3bo: No such file or directory
