../ngram-count-gt/swbd.3grams: No such file or directory
../ngram-count-gt/swbd.3grams: No such file or directory
