../hidden-ngram/conll.lm: No such file or directory
