+ get-gt-counts out=biglm max=20 maxorder=3
gzip: can't stat: ../ngram-count-gt/swbd.3grams (../ngram-count-gt/swbd.3grams.gz): No such file or directory
+ ngram-count -read - -read-with-mincounts -order 3 -debug 1 -vocab ../ngram-count-gt/eval2001.vocab -lm swbd.3bo -meta-tag __meta__
gzip: can't stat: ../ngram-count-gt/swbd.3grams (../ngram-count-gt/swbd.3grams.gz): No such file or directory
using GoodTuring for 1-grams
Good-Turing discounting 1-grams
GT-count [0] = 0
GT-count [1] = 0
GT-count [2] = 0
warning: no singleton counts
GT discounting disabled
using GoodTuring for 2-grams
Good-Turing discounting 2-grams
GT-count [0] = 0
GT-count [1] = 0
GT-count [2] = 0
GT-count [3] = 0
GT-count [4] = 0
GT-count [5] = 0
GT-count [6] = 0
GT-count [7] = 0
GT-count [8] = 0
warning: no singleton counts
GT discounting disabled
using GoodTuring for 3-grams
Good-Turing discounting 3-grams
GT-count [0] = 0
GT-count [1] = 0
GT-count [2] = 0
GT-count [3] = 0
GT-count [4] = 0
GT-count [5] = 0
GT-count [6] = 0
GT-count [7] = 0
GT-count [8] = 0
warning: no singleton counts
GT discounting disabled
warning: distributing 1 left-over probability mass over 33109 zeroton words
writing 33110 1-grams
writing 0 2-grams
writing 0 3-grams
