train-all.3bo: No such file or directory
train-all.3bo: No such file or directory
train-all-multi.2bo: No such file or directory
