nbest-lm-scores/sw_40008_A_0015814_0016128 is missing
nbest-num-words/sw_40008_A_0015814_0016128 is missing
../nbest-rover/nbest-pron-scores/sw_40008_A_0015814_0016128 is missing
../nbest-rover/nbest-dur-scores/sw_40008_A_0015814_0016128 is missing
nbest-lists/sw_40008_A_0015814_0016128.score.gz is missing
