ls: ../nbest-rover/nbest-lists: No such file or directory
