find: ../nbest-rover/nbest-lists: No such file or directory
../ngram-count-gt/swbd.3bo: No such file or directory
