find: ../nbest-rover/nbest-lists: No such file or directory
reading references...
reading nbest lists...
reading scores...
computing error counts...
0 reference words
Posterior scale step size set to 1
aligning nbest lists...
NEW BEST ERROR: 0 (0/word)
   weights = 0.125 1 0 1 0
   normed = 1 8 0 8 0
   scale = 8
