../ngram-count-gt/swbd.3bo: No such file or directory
swbd.3bin: No such file or directory
