file ../ngram-count-gt/eval97.text: 5290 sentences, 38238 words, 0 OOVs
681 zeroprobs, logprob= -89740.9 ppl= 124.294 ppl1= 245.166
