i	 367.91881898375
and	 321.819972924429
the	 287.388246418136
you	 240.136408430991
a	 216.452206888286
to	 215.740183424277
uh	 212.228165861339
that	 198.434870485904
it	 166.32443274494
of	 163.851739066795
know	 142.372486324795
yeah	 140.615111575916
in	 118.937290806624
they	 99.8677036484735
uhhuh	 93.5050371261946
have	 90.9251553462014
but	 85.6491420957286
so	 80.7132800565541
it's	 79.0154488002137
we	 77.3333845385496
